[0m13:47:34.096354 [debug] [MainThread]: Sending event: {'category': 'dbt', 'action': 'invocation', 'label': 'start', 'context': [<snowplow_tracker.self_describing_json.SelfDescribingJson object at 0x108d6d7f0>, <snowplow_tracker.self_describing_json.SelfDescribingJson object at 0x10a1774d0>, <snowplow_tracker.self_describing_json.SelfDescribingJson object at 0x10a177610>]}


============================== 13:47:34.098631 | 3603a9ff-356c-487d-adb5-aae9a4faca02 ==============================
[0m13:47:34.098631 [info ] [MainThread]: Running with dbt=1.12.3
[0m13:47:34.098875 [debug] [MainThread]: running dbt with arguments {'partial_parse': 'True', 'quiet': 'False', 'cache_selected_only': 'False', 'empty': 'None', 'log_path': 'logs', 'maximum_seed_size_mib': '1', 'write_json': 'True', 'use_experimental_parser': 'False', 'use_colors': 'True', 'send_anonymous_usage_stats': 'True', 'no_print': 'None', 'warn_error_options': 'WarnErrorOptionsV2(error=[], warn=[], silence=[])', 'indirect_selection': 'eager', 'log_cache_events': 'False', 'version_check': 'True', 'log_format': 'default', 'warn_error': 'None', 'printer_width': '80', 'invocation_command': 'dbt debug', 'fail_fast': 'False', 'debug': 'False', 'target_path': 'None', 'profiles_dir': '/Users/lanavoynich/.dbt', 'hints_enabled': 'True', 'static_parser': 'True', 'introspect': 'True'}
[0m13:47:34.105865 [info ] [MainThread]: dbt version: 1.12.3
[0m13:47:34.106040 [info ] [MainThread]: python version: 3.13.14
[0m13:47:34.106151 [info ] [MainThread]: python path: /Library/Frameworks/Python.framework/Versions/3.13/bin/python3.13
[0m13:47:34.106249 [info ] [MainThread]: os info: macOS-26.5.2-arm64-arm-64bit-Mach-O
[0m13:47:34.524750 [debug] [MainThread]: Snowflake adapter: Setting snowflake.connector to ERROR (file logging only)
[0m13:47:34.524981 [debug] [MainThread]: Snowflake adapter: Setting botocore to ERROR (file logging only)
[0m13:47:34.525090 [debug] [MainThread]: Snowflake adapter: Setting boto3 to ERROR (file logging only)
[0m13:47:34.567054 [info ] [MainThread]: Using profiles dir at /Users/lanavoynich/.dbt
[0m13:47:34.567261 [info ] [MainThread]: Using profiles.yml file at /Users/lanavoynich/.dbt/profiles.yml
[0m13:47:34.567384 [info ] [MainThread]: Using dbt_project.yml file at /Users/lanavoynich/Desktop/data-ingestion-pipeline/dog project/pet-matcher-analytics-engine/dbt_project.yml
[0m13:47:34.567723 [info ] [MainThread]: adapter type: snowflake
[0m13:47:34.567840 [info ] [MainThread]: adapter version: 1.12.0
[0m13:47:34.567958 [info ] [MainThread]: Configuration:
[0m13:47:34.568055 [info ] [MainThread]:   profiles.yml file [[32mOK found and valid[0m]
[0m13:47:34.568149 [info ] [MainThread]:   dbt_project.yml file [[31mERROR not found[0m]
[0m13:47:34.568241 [info ] [MainThread]: Required dependencies:
[0m13:47:34.568376 [debug] [MainThread]: Executing "git --help"
[0m13:47:34.581554 [debug] [MainThread]: STDOUT: "b"usage: git [-v | --version] [-h | --help] [-C <path>] [-c <name>=<value>]\n           [--exec-path[=<path>]] [--html-path] [--man-path] [--info-path]\n           [-p | --paginate | -P | --no-pager] [--no-replace-objects] [--no-lazy-fetch]\n           [--no-optional-locks] [--no-advice] [--bare] [--git-dir=<path>]\n           [--work-tree=<path>] [--namespace=<name>] [--config-env=<name>=<envvar>]\n           <command> [<args>]\n\nThese are common Git commands used in various situations:\n\nstart a working area (see also: git help tutorial)\n   clone      Clone a repository into a new directory\n   init       Create an empty Git repository or reinitialize an existing one\n\nwork on the current change (see also: git help everyday)\n   add        Add file contents to the index\n   mv         Move or rename a file, a directory, or a symlink\n   restore    Restore working tree files\n   rm         Remove files from the working tree and from the index\n\nexamine the history and state (see also: git help revisions)\n   bisect     Use binary search to find the commit that introduced a bug\n   diff       Show changes between commits, commit and working tree, etc\n   grep       Print lines matching a pattern\n   log        Show commit logs\n   show       Show various types of objects\n   status     Show the working tree status\n\ngrow, mark and tweak your common history\n   backfill   Download missing objects in a partial clone\n   branch     List, create, or delete branches\n   commit     Record changes to the repository\n   merge      Join two or more development histories together\n   rebase     Reapply commits on top of another base tip\n   reset      Reset current HEAD to the specified state\n   switch     Switch branches\n   tag        Create, list, delete or verify a tag object signed with GPG\n\ncollaborate (see also: git help workflows)\n   fetch      Download objects and refs from another repository\n   pull       Fetch from and integrate with another repository or a local branch\n   push       Update remote refs along with associated objects\n\n'git help -a' and 'git help -g' list available subcommands and some\nconcept guides. See 'git help <command>' or 'git help <concept>'\nto read about a specific subcommand or concept.\nSee 'git help git' for an overview of the system.\n""
[0m13:47:34.582042 [debug] [MainThread]: STDERR: "b''"
[0m13:47:34.582170 [info ] [MainThread]:  - git [[32mOK found[0m]

[0m13:47:34.582297 [info ] [MainThread]: Connection:
[0m13:47:34.582442 [info ] [MainThread]:   account: IWDJGWI-JD63133
[0m13:47:34.582536 [info ] [MainThread]:   user: lvoynich
[0m13:47:34.582632 [info ] [MainThread]:   database: DEMO_DB
[0m13:47:34.582720 [info ] [MainThread]:   warehouse: COMPUTE_WH
[0m13:47:34.582815 [info ] [MainThread]:   role: None
[0m13:47:34.582907 [info ] [MainThread]:   schema: dbt_lvoynich
[0m13:47:34.583002 [info ] [MainThread]:   authenticator: None
[0m13:47:34.583097 [info ] [MainThread]:   oauth_client_id: None
[0m13:47:34.583275 [info ] [MainThread]:   query_tag: None
[0m13:47:34.583406 [info ] [MainThread]:   client_session_keep_alive: False
[0m13:47:34.583517 [info ] [MainThread]:   host: None
[0m13:47:34.583611 [info ] [MainThread]:   port: None
[0m13:47:34.583710 [info ] [MainThread]:   proxy_host: None
[0m13:47:34.583804 [info ] [MainThread]:   proxy_port: None
[0m13:47:34.583895 [info ] [MainThread]:   protocol: None
[0m13:47:34.583984 [info ] [MainThread]:   connect_retries: 1
[0m13:47:34.584076 [info ] [MainThread]:   connect_timeout: None
[0m13:47:34.584164 [info ] [MainThread]:   retry_on_database_errors: False
[0m13:47:34.584255 [info ] [MainThread]:   retry_all: False
[0m13:47:34.584346 [info ] [MainThread]:   insecure_mode: False
[0m13:47:34.584436 [info ] [MainThread]:   reuse_connections: True
[0m13:47:34.584527 [info ] [MainThread]:   s3_stage_vpce_dns_name: None
[0m13:47:34.584622 [info ] [MainThread]:   workload_identity_provider: None
[0m13:47:34.584711 [info ] [MainThread]:   workload_identity_entra_resource: None
[0m13:47:34.584806 [info ] [MainThread]:   platform_detection_timeout_seconds: 0.0
[0m13:47:34.585095 [info ] [MainThread]: Registered adapter: snowflake=1.12.0
[0m13:47:34.633702 [debug] [MainThread]: Acquiring new snowflake connection 'debug'
[0m13:47:34.635104 [debug] [MainThread]: Using snowflake connection "debug"
[0m13:47:34.635244 [debug] [MainThread]: On debug: select 1 as id
[0m13:47:34.635366 [debug] [MainThread]: Opening a new connection, currently in state init
[0m13:47:37.487548 [debug] [MainThread]: SQL status: SUCCESS 1 in 2.852 seconds
[0m13:47:37.489515 [info ] [MainThread]:   Connection test: [[32mOK connection ok[0m]

[0m13:47:37.490050 [info ] [MainThread]: [31m1 check failed:[0m
[0m13:47:37.490397 [info ] [MainThread]: Project loading failed for the following reason:
 project path </Users/lanavoynich/Desktop/data-ingestion-pipeline/dog project/pet-matcher-analytics-engine/dbt_project.yml> not found

[0m13:47:37.519339 [debug] [MainThread]: Resource report: {"command_name": "debug", "command_success": false, "command_wall_clock_time": 3.455325, "process_in_blocks": "0", "process_kernel_time": 0.224635, "process_mem_max_rss": "218611712", "process_out_blocks": "0", "process_user_time": 1.08227}
[0m13:47:37.520026 [debug] [MainThread]: Command `dbt debug` failed at 13:47:37.519846 after 3.46 seconds
[0m13:47:37.520209 [debug] [MainThread]: Connection 'debug' was left open.
[0m13:47:37.520310 [debug] [MainThread]: On debug: Close
[0m13:47:37.717994 [debug] [MainThread]: Sending event: {'category': 'dbt', 'action': 'invocation', 'label': 'end', 'context': [<snowplow_tracker.self_describing_json.SelfDescribingJson object at 0x10ee33820>, <snowplow_tracker.self_describing_json.SelfDescribingJson object at 0x10eb167b0>, <snowplow_tracker.self_describing_json.SelfDescribingJson object at 0x10e7b38a0>]}
[0m13:47:37.719092 [debug] [MainThread]: Flushing usage events
[0m13:47:38.049760 [debug] [MainThread]: An error was encountered while trying to flush usage events
[0m13:48:53.449774 [debug] [MainThread]: Sending event: {'category': 'dbt', 'action': 'invocation', 'label': 'start', 'context': [<snowplow_tracker.self_describing_json.SelfDescribingJson object at 0x10afd57f0>, <snowplow_tracker.self_describing_json.SelfDescribingJson object at 0x10c3df4d0>, <snowplow_tracker.self_describing_json.SelfDescribingJson object at 0x10c3df610>]}


============================== 13:48:53.451470 | d70b4451-69b5-4b69-87c9-df47f9711e17 ==============================
[0m13:48:53.451470 [info ] [MainThread]: Running with dbt=1.12.3
[0m13:48:53.451708 [debug] [MainThread]: running dbt with arguments {'warn_error': 'None', 'log_cache_events': 'False', 'use_colors': 'True', 'maximum_seed_size_mib': '1', 'log_format': 'default', 'target_path': 'None', 'static_parser': 'True', 'debug': 'False', 'fail_fast': 'False', 'hints_enabled': 'True', 'profiles_dir': '/Users/lanavoynich/.dbt', 'introspect': 'True', 'quiet': 'False', 'no_print': 'None', 'printer_width': '80', 'warn_error_options': 'WarnErrorOptionsV2(error=[], warn=[], silence=[])', 'log_path': 'logs', 'partial_parse': 'True', 'empty': 'None', 'invocation_command': 'dbt debug', 'use_experimental_parser': 'False', 'indirect_selection': 'eager', 'cache_selected_only': 'False', 'write_json': 'True', 'send_anonymous_usage_stats': 'True', 'version_check': 'True'}
[0m13:48:53.455458 [info ] [MainThread]: dbt version: 1.12.3
[0m13:48:53.455586 [info ] [MainThread]: python version: 3.13.14
[0m13:48:53.455688 [info ] [MainThread]: python path: /Library/Frameworks/Python.framework/Versions/3.13/bin/python3.13
[0m13:48:53.455781 [info ] [MainThread]: os info: macOS-26.5.2-arm64-arm-64bit-Mach-O
[0m13:48:53.693340 [debug] [MainThread]: Snowflake adapter: Setting snowflake.connector to ERROR (file logging only)
[0m13:48:53.693595 [debug] [MainThread]: Snowflake adapter: Setting botocore to ERROR (file logging only)
[0m13:48:53.693731 [debug] [MainThread]: Snowflake adapter: Setting boto3 to ERROR (file logging only)
[0m13:48:53.732393 [info ] [MainThread]: Using profiles dir at /Users/lanavoynich/.dbt
[0m13:48:53.732642 [info ] [MainThread]: Using profiles.yml file at /Users/lanavoynich/.dbt/profiles.yml
[0m13:48:53.732773 [info ] [MainThread]: Using dbt_project.yml file at /Users/lanavoynich/Desktop/data-ingestion-pipeline/dog project/pet-matcher-analytics-engine/dbt_project.yml
[0m13:48:53.733236 [info ] [MainThread]: adapter type: snowflake
[0m13:48:53.733398 [info ] [MainThread]: adapter version: 1.12.0
[0m13:48:53.733530 [info ] [MainThread]: Configuration:
[0m13:48:53.733631 [info ] [MainThread]:   profiles.yml file [[32mOK found and valid[0m]
[0m13:48:53.733722 [info ] [MainThread]:   dbt_project.yml file [[31mERROR not found[0m]
[0m13:48:53.733819 [info ] [MainThread]: Required dependencies:
[0m13:48:53.733982 [debug] [MainThread]: Executing "git --help"
[0m13:48:53.747794 [debug] [MainThread]: STDOUT: "b"usage: git [-v | --version] [-h | --help] [-C <path>] [-c <name>=<value>]\n           [--exec-path[=<path>]] [--html-path] [--man-path] [--info-path]\n           [-p | --paginate | -P | --no-pager] [--no-replace-objects] [--no-lazy-fetch]\n           [--no-optional-locks] [--no-advice] [--bare] [--git-dir=<path>]\n           [--work-tree=<path>] [--namespace=<name>] [--config-env=<name>=<envvar>]\n           <command> [<args>]\n\nThese are common Git commands used in various situations:\n\nstart a working area (see also: git help tutorial)\n   clone      Clone a repository into a new directory\n   init       Create an empty Git repository or reinitialize an existing one\n\nwork on the current change (see also: git help everyday)\n   add        Add file contents to the index\n   mv         Move or rename a file, a directory, or a symlink\n   restore    Restore working tree files\n   rm         Remove files from the working tree and from the index\n\nexamine the history and state (see also: git help revisions)\n   bisect     Use binary search to find the commit that introduced a bug\n   diff       Show changes between commits, commit and working tree, etc\n   grep       Print lines matching a pattern\n   log        Show commit logs\n   show       Show various types of objects\n   status     Show the working tree status\n\ngrow, mark and tweak your common history\n   backfill   Download missing objects in a partial clone\n   branch     List, create, or delete branches\n   commit     Record changes to the repository\n   merge      Join two or more development histories together\n   rebase     Reapply commits on top of another base tip\n   reset      Reset current HEAD to the specified state\n   switch     Switch branches\n   tag        Create, list, delete or verify a tag object signed with GPG\n\ncollaborate (see also: git help workflows)\n   fetch      Download objects and refs from another repository\n   pull       Fetch from and integrate with another repository or a local branch\n   push       Update remote refs along with associated objects\n\n'git help -a' and 'git help -g' list available subcommands and some\nconcept guides. See 'git help <command>' or 'git help <concept>'\nto read about a specific subcommand or concept.\nSee 'git help git' for an overview of the system.\n""
[0m13:48:53.748582 [debug] [MainThread]: STDERR: "b''"
[0m13:48:53.748751 [info ] [MainThread]:  - git [[32mOK found[0m]

[0m13:48:53.748896 [info ] [MainThread]: Connection:
[0m13:48:53.749036 [info ] [MainThread]:   account: IWDJGWI-JD63133
[0m13:48:53.749134 [info ] [MainThread]:   user: lvoynich
[0m13:48:53.749218 [info ] [MainThread]:   database: DEMO_DB
[0m13:48:53.749310 [info ] [MainThread]:   warehouse: COMPUTE_WH
[0m13:48:53.749395 [info ] [MainThread]:   role: None
[0m13:48:53.749479 [info ] [MainThread]:   schema: dbt_lvoynich
[0m13:48:53.749569 [info ] [MainThread]:   authenticator: None
[0m13:48:53.749651 [info ] [MainThread]:   oauth_client_id: None
[0m13:48:53.749734 [info ] [MainThread]:   query_tag: None
[0m13:48:53.749815 [info ] [MainThread]:   client_session_keep_alive: False
[0m13:48:53.749898 [info ] [MainThread]:   host: None
[0m13:48:53.749980 [info ] [MainThread]:   port: None
[0m13:48:53.750058 [info ] [MainThread]:   proxy_host: None
[0m13:48:53.750138 [info ] [MainThread]:   proxy_port: None
[0m13:48:53.750221 [info ] [MainThread]:   protocol: None
[0m13:48:53.750298 [info ] [MainThread]:   connect_retries: 1
[0m13:48:53.750377 [info ] [MainThread]:   connect_timeout: None
[0m13:48:53.750456 [info ] [MainThread]:   retry_on_database_errors: False
[0m13:48:53.750532 [info ] [MainThread]:   retry_all: False
[0m13:48:53.750611 [info ] [MainThread]:   insecure_mode: False
[0m13:48:53.750687 [info ] [MainThread]:   reuse_connections: True
[0m13:48:53.750765 [info ] [MainThread]:   s3_stage_vpce_dns_name: None
[0m13:48:53.750845 [info ] [MainThread]:   workload_identity_provider: None
[0m13:48:53.750920 [info ] [MainThread]:   workload_identity_entra_resource: None
[0m13:48:53.751004 [info ] [MainThread]:   platform_detection_timeout_seconds: 0.0
[0m13:48:53.751302 [info ] [MainThread]: Registered adapter: snowflake=1.12.0
[0m13:48:53.798534 [debug] [MainThread]: Acquiring new snowflake connection 'debug'
[0m13:48:53.799831 [debug] [MainThread]: Using snowflake connection "debug"
[0m13:48:53.799965 [debug] [MainThread]: On debug: select 1 as id
[0m13:48:53.800061 [debug] [MainThread]: Opening a new connection, currently in state init
[0m13:48:54.986623 [debug] [MainThread]: SQL status: SUCCESS 1 in 1.186 seconds
[0m13:48:54.988514 [info ] [MainThread]:   Connection test: [[32mOK connection ok[0m]

[0m13:48:54.989027 [info ] [MainThread]: [31m1 check failed:[0m
[0m13:48:54.989350 [info ] [MainThread]: Project loading failed for the following reason:
 project path </Users/lanavoynich/Desktop/data-ingestion-pipeline/dog project/pet-matcher-analytics-engine/dbt_project.yml> not found

[0m13:48:54.995168 [debug] [MainThread]: Resource report: {"command_name": "debug", "command_success": false, "command_wall_clock_time": 1.5749639, "process_in_blocks": "0", "process_kernel_time": 0.154101, "process_mem_max_rss": "214220800", "process_out_blocks": "0", "process_user_time": 0.918883}
[0m13:48:54.996269 [debug] [MainThread]: Command `dbt debug` failed at 13:48:54.996118 after 1.58 seconds
[0m13:48:54.996718 [debug] [MainThread]: Connection 'debug' was left open.
[0m13:48:54.996986 [debug] [MainThread]: On debug: Close
[0m13:48:55.147178 [debug] [MainThread]: Sending event: {'category': 'dbt', 'action': 'invocation', 'label': 'end', 'context': [<snowplow_tracker.self_describing_json.SelfDescribingJson object at 0x110ed09d0>, <snowplow_tracker.self_describing_json.SelfDescribingJson object at 0x110d2a7b0>, <snowplow_tracker.self_describing_json.SelfDescribingJson object at 0x1109438a0>]}
[0m13:48:55.148155 [debug] [MainThread]: Flushing usage events
[0m13:48:55.520338 [debug] [MainThread]: An error was encountered while trying to flush usage events
[0m13:49:58.866938 [debug] [MainThread]: Sending event: {'category': 'dbt', 'action': 'invocation', 'label': 'start', 'context': [<snowplow_tracker.self_describing_json.SelfDescribingJson object at 0x10cb357f0>, <snowplow_tracker.self_describing_json.SelfDescribingJson object at 0x10df3b4d0>, <snowplow_tracker.self_describing_json.SelfDescribingJson object at 0x10df3b610>]}


============================== 13:49:58.868639 | 69bb09f9-5aba-4c36-8bdb-4724dad24342 ==============================
[0m13:49:58.868639 [info ] [MainThread]: Running with dbt=1.12.3
[0m13:49:58.868878 [debug] [MainThread]: running dbt with arguments {'version_check': 'True', 'cache_selected_only': 'False', 'warn_error_options': 'WarnErrorOptionsV2(error=[], warn=[], silence=[])', 'debug': 'False', 'log_cache_events': 'False', 'log_format': 'default', 'send_anonymous_usage_stats': 'True', 'use_experimental_parser': 'False', 'invocation_command': 'dbt debug', 'introspect': 'True', 'log_path': 'logs', 'hints_enabled': 'True', 'target_path': 'None', 'write_json': 'True', 'maximum_seed_size_mib': '1', 'indirect_selection': 'eager', 'warn_error': 'None', 'no_print': 'None', 'empty': 'None', 'static_parser': 'True', 'printer_width': '80', 'partial_parse': 'True', 'quiet': 'False', 'profiles_dir': '/Users/lanavoynich/.dbt', 'fail_fast': 'False', 'use_colors': 'True'}
[0m13:49:58.872824 [info ] [MainThread]: dbt version: 1.12.3
[0m13:49:58.872953 [info ] [MainThread]: python version: 3.13.14
[0m13:49:58.873049 [info ] [MainThread]: python path: /Library/Frameworks/Python.framework/Versions/3.13/bin/python3.13
[0m13:49:58.873135 [info ] [MainThread]: os info: macOS-26.5.2-arm64-arm-64bit-Mach-O
[0m13:49:59.114780 [debug] [MainThread]: Snowflake adapter: Setting snowflake.connector to ERROR (file logging only)
[0m13:49:59.114995 [debug] [MainThread]: Snowflake adapter: Setting botocore to ERROR (file logging only)
[0m13:49:59.115100 [debug] [MainThread]: Snowflake adapter: Setting boto3 to ERROR (file logging only)
[0m13:49:59.151467 [info ] [MainThread]: Using profiles dir at /Users/lanavoynich/.dbt
[0m13:49:59.151646 [info ] [MainThread]: Using profiles.yml file at /Users/lanavoynich/.dbt/profiles.yml
[0m13:49:59.151772 [info ] [MainThread]: Using dbt_project.yml file at /Users/lanavoynich/Desktop/data-ingestion-pipeline/dog project/pet-matcher-analytics-engine/dbt_project.yml
[0m13:49:59.151962 [info ] [MainThread]: adapter type: snowflake
[0m13:49:59.152061 [info ] [MainThread]: adapter version: 1.12.0
[0m13:49:59.152164 [info ] [MainThread]: Configuration:
[0m13:49:59.152254 [info ] [MainThread]:   profiles.yml file [[32mOK found and valid[0m]
[0m13:49:59.152343 [info ] [MainThread]:   dbt_project.yml file [[31mERROR not found[0m]
[0m13:49:59.152431 [info ] [MainThread]: Required dependencies:
[0m13:49:59.152572 [debug] [MainThread]: Executing "git --help"
[0m13:49:59.164161 [debug] [MainThread]: STDOUT: "b"usage: git [-v | --version] [-h | --help] [-C <path>] [-c <name>=<value>]\n           [--exec-path[=<path>]] [--html-path] [--man-path] [--info-path]\n           [-p | --paginate | -P | --no-pager] [--no-replace-objects] [--no-lazy-fetch]\n           [--no-optional-locks] [--no-advice] [--bare] [--git-dir=<path>]\n           [--work-tree=<path>] [--namespace=<name>] [--config-env=<name>=<envvar>]\n           <command> [<args>]\n\nThese are common Git commands used in various situations:\n\nstart a working area (see also: git help tutorial)\n   clone      Clone a repository into a new directory\n   init       Create an empty Git repository or reinitialize an existing one\n\nwork on the current change (see also: git help everyday)\n   add        Add file contents to the index\n   mv         Move or rename a file, a directory, or a symlink\n   restore    Restore working tree files\n   rm         Remove files from the working tree and from the index\n\nexamine the history and state (see also: git help revisions)\n   bisect     Use binary search to find the commit that introduced a bug\n   diff       Show changes between commits, commit and working tree, etc\n   grep       Print lines matching a pattern\n   log        Show commit logs\n   show       Show various types of objects\n   status     Show the working tree status\n\ngrow, mark and tweak your common history\n   backfill   Download missing objects in a partial clone\n   branch     List, create, or delete branches\n   commit     Record changes to the repository\n   merge      Join two or more development histories together\n   rebase     Reapply commits on top of another base tip\n   reset      Reset current HEAD to the specified state\n   switch     Switch branches\n   tag        Create, list, delete or verify a tag object signed with GPG\n\ncollaborate (see also: git help workflows)\n   fetch      Download objects and refs from another repository\n   pull       Fetch from and integrate with another repository or a local branch\n   push       Update remote refs along with associated objects\n\n'git help -a' and 'git help -g' list available subcommands and some\nconcept guides. See 'git help <command>' or 'git help <concept>'\nto read about a specific subcommand or concept.\nSee 'git help git' for an overview of the system.\n""
[0m13:49:59.164590 [debug] [MainThread]: STDERR: "b''"
[0m13:49:59.164716 [info ] [MainThread]:  - git [[32mOK found[0m]

[0m13:49:59.164831 [info ] [MainThread]: Connection:
[0m13:49:59.164980 [info ] [MainThread]:   account: IWDJGWI-JD63133
[0m13:49:59.165071 [info ] [MainThread]:   user: lvoynich
[0m13:49:59.165163 [info ] [MainThread]:   database: DEMO_DB
[0m13:49:59.165258 [info ] [MainThread]:   warehouse: COMPUTE_WH
[0m13:49:59.165345 [info ] [MainThread]:   role: None
[0m13:49:59.165439 [info ] [MainThread]:   schema: dbt_lvoynich
[0m13:49:59.165527 [info ] [MainThread]:   authenticator: None
[0m13:49:59.165615 [info ] [MainThread]:   oauth_client_id: None
[0m13:49:59.165702 [info ] [MainThread]:   query_tag: None
[0m13:49:59.165791 [info ] [MainThread]:   client_session_keep_alive: False
[0m13:49:59.165884 [info ] [MainThread]:   host: None
[0m13:49:59.165971 [info ] [MainThread]:   port: None
[0m13:49:59.166056 [info ] [MainThread]:   proxy_host: None
[0m13:49:59.166151 [info ] [MainThread]:   proxy_port: None
[0m13:49:59.166236 [info ] [MainThread]:   protocol: None
[0m13:49:59.166326 [info ] [MainThread]:   connect_retries: 1
[0m13:49:59.166412 [info ] [MainThread]:   connect_timeout: None
[0m13:49:59.166520 [info ] [MainThread]:   retry_on_database_errors: False
[0m13:49:59.166608 [info ] [MainThread]:   retry_all: False
[0m13:49:59.166695 [info ] [MainThread]:   insecure_mode: False
[0m13:49:59.166783 [info ] [MainThread]:   reuse_connections: True
[0m13:49:59.166889 [info ] [MainThread]:   s3_stage_vpce_dns_name: None
[0m13:49:59.166987 [info ] [MainThread]:   workload_identity_provider: None
[0m13:49:59.167086 [info ] [MainThread]:   workload_identity_entra_resource: None
[0m13:49:59.167166 [info ] [MainThread]:   platform_detection_timeout_seconds: 0.0
[0m13:49:59.167414 [info ] [MainThread]: Registered adapter: snowflake=1.12.0
[0m13:49:59.210487 [debug] [MainThread]: Acquiring new snowflake connection 'debug'
[0m13:49:59.211547 [debug] [MainThread]: Using snowflake connection "debug"
[0m13:49:59.211661 [debug] [MainThread]: On debug: select 1 as id
[0m13:49:59.211750 [debug] [MainThread]: Opening a new connection, currently in state init
[0m13:50:00.105909 [debug] [MainThread]: SQL status: SUCCESS 1 in 0.894 seconds
[0m13:50:00.107645 [info ] [MainThread]:   Connection test: [[32mOK connection ok[0m]

[0m13:50:00.108139 [info ] [MainThread]: [31m1 check failed:[0m
[0m13:50:00.108465 [info ] [MainThread]: Project loading failed for the following reason:
 project path </Users/lanavoynich/Desktop/data-ingestion-pipeline/dog project/pet-matcher-analytics-engine/dbt_project.yml> not found

[0m13:50:00.114545 [debug] [MainThread]: Resource report: {"command_name": "debug", "command_success": false, "command_wall_clock_time": 1.2798369, "process_in_blocks": "0", "process_kernel_time": 0.155573, "process_mem_max_rss": "214007808", "process_out_blocks": "0", "process_user_time": 0.917747}
[0m13:50:00.115598 [debug] [MainThread]: Command `dbt debug` failed at 13:50:00.115434 after 1.28 seconds
[0m13:50:00.116022 [debug] [MainThread]: Connection 'debug' was left open.
[0m13:50:00.116271 [debug] [MainThread]: On debug: Close
[0m13:50:00.303511 [debug] [MainThread]: Sending event: {'category': 'dbt', 'action': 'invocation', 'label': 'end', 'context': [<snowplow_tracker.self_describing_json.SelfDescribingJson object at 0x112a309d0>, <snowplow_tracker.self_describing_json.SelfDescribingJson object at 0x11288a7b0>, <snowplow_tracker.self_describing_json.SelfDescribingJson object at 0x1124af8a0>]}
[0m13:50:00.304415 [debug] [MainThread]: Flushing usage events
[0m13:50:00.623882 [debug] [MainThread]: An error was encountered while trying to flush usage events
[0m13:54:47.822769 [debug] [MainThread]: Sending event: {'category': 'dbt', 'action': 'invocation', 'label': 'start', 'context': [<snowplow_tracker.self_describing_json.SelfDescribingJson object at 0x10d1357f0>, <snowplow_tracker.self_describing_json.SelfDescribingJson object at 0x10e53b4d0>, <snowplow_tracker.self_describing_json.SelfDescribingJson object at 0x10e53b610>]}


============================== 13:54:47.825087 | 203ee00e-bfb0-4f56-a264-7b79e2ea6614 ==============================
[0m13:54:47.825087 [info ] [MainThread]: Running with dbt=1.12.3
[0m13:54:47.825328 [debug] [MainThread]: running dbt with arguments {'use_colors': 'True', 'use_experimental_parser': 'False', 'write_json': 'True', 'indirect_selection': 'eager', 'partial_parse': 'True', 'log_format': 'default', 'log_cache_events': 'False', 'quiet': 'False', 'no_print': 'None', 'introspect': 'True', 'warn_error_options': 'WarnErrorOptionsV2(error=[], warn=[], silence=[])', 'cache_selected_only': 'False', 'fail_fast': 'False', 'static_parser': 'True', 'send_anonymous_usage_stats': 'True', 'empty': 'None', 'profiles_dir': '/Users/lanavoynich/.dbt', 'invocation_command': 'dbt init', 'log_path': 'logs', 'printer_width': '80', 'maximum_seed_size_mib': '1', 'debug': 'False', 'version_check': 'True', 'hints_enabled': 'True', 'warn_error': 'None', 'target_path': 'None'}
[0m13:55:09.768658 [debug] [MainThread]: Starter project path: /Library/Frameworks/Python.framework/Versions/3.13/lib/python3.13/site-packages/dbt/include/starter_project
[0m13:55:09.779363 [info ] [MainThread]: Setting up your profile.
[0m13:55:18.740380 [debug] [MainThread]: Snowflake adapter: Setting snowflake.connector to ERROR (file logging only)
[0m13:55:18.740614 [debug] [MainThread]: Snowflake adapter: Setting botocore to ERROR (file logging only)
[0m13:55:18.740722 [debug] [MainThread]: Snowflake adapter: Setting boto3 to ERROR (file logging only)
[0m13:56:57.896037 [debug] [MainThread]: Sending event: {'category': 'dbt', 'action': 'invocation', 'label': 'start', 'context': [<snowplow_tracker.self_describing_json.SelfDescribingJson object at 0x1084ad7f0>, <snowplow_tracker.self_describing_json.SelfDescribingJson object at 0x1098b74d0>, <snowplow_tracker.self_describing_json.SelfDescribingJson object at 0x1098b7610>]}


============================== 13:56:57.897704 | 38845ef6-20ff-43f0-9dd1-3c40cf6e6ea6 ==============================
[0m13:56:57.897704 [info ] [MainThread]: Running with dbt=1.12.3
[0m13:56:57.897937 [debug] [MainThread]: running dbt with arguments {'warn_error': 'None', 'log_format': 'default', 'printer_width': '80', 'write_json': 'True', 'use_experimental_parser': 'False', 'invocation_command': 'dbt debug', 'introspect': 'True', 'maximum_seed_size_mib': '1', 'no_print': 'None', 'static_parser': 'True', 'target_path': 'None', 'send_anonymous_usage_stats': 'True', 'use_colors': 'True', 'hints_enabled': 'True', 'fail_fast': 'False', 'quiet': 'False', 'partial_parse': 'True', 'debug': 'False', 'log_cache_events': 'False', 'version_check': 'True', 'indirect_selection': 'eager', 'warn_error_options': 'WarnErrorOptionsV2(error=[], warn=[], silence=[])', 'cache_selected_only': 'False', 'profiles_dir': '/Users/lanavoynich/.dbt', 'empty': 'None', 'log_path': 'logs'}
[0m13:56:57.901821 [info ] [MainThread]: dbt version: 1.12.3
[0m13:56:57.901943 [info ] [MainThread]: python version: 3.13.14
[0m13:56:57.902036 [info ] [MainThread]: python path: /Library/Frameworks/Python.framework/Versions/3.13/bin/python3.13
[0m13:56:57.902134 [info ] [MainThread]: os info: macOS-26.5.2-arm64-arm-64bit-Mach-O
[0m13:56:58.157836 [debug] [MainThread]: Snowflake adapter: Setting snowflake.connector to ERROR (file logging only)
[0m13:56:58.158043 [debug] [MainThread]: Snowflake adapter: Setting botocore to ERROR (file logging only)
[0m13:56:58.158159 [debug] [MainThread]: Snowflake adapter: Setting boto3 to ERROR (file logging only)
[0m13:56:58.197453 [info ] [MainThread]: Using profiles dir at /Users/lanavoynich/.dbt
[0m13:56:58.197647 [info ] [MainThread]: Using profiles.yml file at /Users/lanavoynich/.dbt/profiles.yml
[0m13:56:58.197771 [info ] [MainThread]: Using dbt_project.yml file at /Users/lanavoynich/Desktop/data-ingestion-pipeline/dog project/pet-matcher-analytics-engine/dbt_project.yml
[0m13:56:58.198905 [info ] [MainThread]: adapter type: snowflake
[0m13:56:58.199006 [info ] [MainThread]: adapter version: 1.12.0
[0m13:56:58.199114 [info ] [MainThread]: Configuration:
[0m13:56:58.199206 [info ] [MainThread]:   profiles.yml file [[32mOK found and valid[0m]
[0m13:56:58.199293 [info ] [MainThread]:   dbt_project.yml file [[31mERROR not found[0m]
[0m13:56:58.199384 [info ] [MainThread]: Required dependencies:
[0m13:56:58.199520 [debug] [MainThread]: Executing "git --help"
[0m13:56:58.211121 [debug] [MainThread]: STDOUT: "b"usage: git [-v | --version] [-h | --help] [-C <path>] [-c <name>=<value>]\n           [--exec-path[=<path>]] [--html-path] [--man-path] [--info-path]\n           [-p | --paginate | -P | --no-pager] [--no-replace-objects] [--no-lazy-fetch]\n           [--no-optional-locks] [--no-advice] [--bare] [--git-dir=<path>]\n           [--work-tree=<path>] [--namespace=<name>] [--config-env=<name>=<envvar>]\n           <command> [<args>]\n\nThese are common Git commands used in various situations:\n\nstart a working area (see also: git help tutorial)\n   clone      Clone a repository into a new directory\n   init       Create an empty Git repository or reinitialize an existing one\n\nwork on the current change (see also: git help everyday)\n   add        Add file contents to the index\n   mv         Move or rename a file, a directory, or a symlink\n   restore    Restore working tree files\n   rm         Remove files from the working tree and from the index\n\nexamine the history and state (see also: git help revisions)\n   bisect     Use binary search to find the commit that introduced a bug\n   diff       Show changes between commits, commit and working tree, etc\n   grep       Print lines matching a pattern\n   log        Show commit logs\n   show       Show various types of objects\n   status     Show the working tree status\n\ngrow, mark and tweak your common history\n   backfill   Download missing objects in a partial clone\n   branch     List, create, or delete branches\n   commit     Record changes to the repository\n   merge      Join two or more development histories together\n   rebase     Reapply commits on top of another base tip\n   reset      Reset current HEAD to the specified state\n   switch     Switch branches\n   tag        Create, list, delete or verify a tag object signed with GPG\n\ncollaborate (see also: git help workflows)\n   fetch      Download objects and refs from another repository\n   pull       Fetch from and integrate with another repository or a local branch\n   push       Update remote refs along with associated objects\n\n'git help -a' and 'git help -g' list available subcommands and some\nconcept guides. See 'git help <command>' or 'git help <concept>'\nto read about a specific subcommand or concept.\nSee 'git help git' for an overview of the system.\n""
[0m13:56:58.211590 [debug] [MainThread]: STDERR: "b''"
[0m13:56:58.211716 [info ] [MainThread]:  - git [[32mOK found[0m]

[0m13:56:58.211839 [info ] [MainThread]: Connection:
[0m13:56:58.211971 [info ] [MainThread]:   account: IWDJGWI-JD63133
[0m13:56:58.212067 [info ] [MainThread]:   user: lvoynich
[0m13:56:58.212163 [info ] [MainThread]:   database: DEMO_DB
[0m13:56:58.212251 [info ] [MainThread]:   warehouse: COMPUTE_WH
[0m13:56:58.212338 [info ] [MainThread]:   role: None
[0m13:56:58.212423 [info ] [MainThread]:   schema: dbt_lvoynich
[0m13:56:58.212513 [info ] [MainThread]:   authenticator: None
[0m13:56:58.212602 [info ] [MainThread]:   oauth_client_id: None
[0m13:56:58.212686 [info ] [MainThread]:   query_tag: None
[0m13:56:58.212774 [info ] [MainThread]:   client_session_keep_alive: False
[0m13:56:58.212865 [info ] [MainThread]:   host: None
[0m13:56:58.212960 [info ] [MainThread]:   port: None
[0m13:56:58.213043 [info ] [MainThread]:   proxy_host: None
[0m13:56:58.213130 [info ] [MainThread]:   proxy_port: None
[0m13:56:58.213214 [info ] [MainThread]:   protocol: None
[0m13:56:58.213298 [info ] [MainThread]:   connect_retries: 1
[0m13:56:58.213386 [info ] [MainThread]:   connect_timeout: None
[0m13:56:58.213472 [info ] [MainThread]:   retry_on_database_errors: False
[0m13:56:58.213559 [info ] [MainThread]:   retry_all: False
[0m13:56:58.213646 [info ] [MainThread]:   insecure_mode: False
[0m13:56:58.213728 [info ] [MainThread]:   reuse_connections: True
[0m13:56:58.213814 [info ] [MainThread]:   s3_stage_vpce_dns_name: None
[0m13:56:58.213899 [info ] [MainThread]:   workload_identity_provider: None
[0m13:56:58.213982 [info ] [MainThread]:   workload_identity_entra_resource: None
[0m13:56:58.214072 [info ] [MainThread]:   platform_detection_timeout_seconds: 0.0
[0m13:56:58.214305 [info ] [MainThread]: Registered adapter: snowflake=1.12.0
[0m13:56:58.261455 [debug] [MainThread]: Acquiring new snowflake connection 'debug'
[0m13:56:58.262720 [debug] [MainThread]: Using snowflake connection "debug"
[0m13:56:58.262833 [debug] [MainThread]: On debug: select 1 as id
[0m13:56:58.262918 [debug] [MainThread]: Opening a new connection, currently in state init
[0m13:56:59.724628 [debug] [MainThread]: SQL status: SUCCESS 1 in 1.461 seconds
[0m13:56:59.726357 [info ] [MainThread]:   Connection test: [[32mOK connection ok[0m]

[0m13:56:59.726845 [info ] [MainThread]: [31m1 check failed:[0m
[0m13:56:59.727144 [info ] [MainThread]: Project loading failed for the following reason:
 project path </Users/lanavoynich/Desktop/data-ingestion-pipeline/dog project/pet-matcher-analytics-engine/dbt_project.yml> not found

[0m13:56:59.733408 [debug] [MainThread]: Resource report: {"command_name": "debug", "command_success": false, "command_wall_clock_time": 1.8663707, "process_in_blocks": "0", "process_kernel_time": 0.174488, "process_mem_max_rss": "213188608", "process_out_blocks": "0", "process_user_time": 0.923406}
[0m13:56:59.734340 [debug] [MainThread]: Command `dbt debug` failed at 13:56:59.734188 after 1.87 seconds
[0m13:56:59.734676 [debug] [MainThread]: Connection 'debug' was left open.
[0m13:56:59.734879 [debug] [MainThread]: On debug: Close
[0m13:57:00.280046 [debug] [MainThread]: Sending event: {'category': 'dbt', 'action': 'invocation', 'label': 'end', 'context': [<snowplow_tracker.self_describing_json.SelfDescribingJson object at 0x10e3e89d0>, <snowplow_tracker.self_describing_json.SelfDescribingJson object at 0x10e2427b0>, <snowplow_tracker.self_describing_json.SelfDescribingJson object at 0x10de6b8a0>]}
[0m13:57:00.280942 [debug] [MainThread]: Flushing usage events
[0m13:57:00.549171 [debug] [MainThread]: An error was encountered while trying to flush usage events
[0m13:58:10.361894 [debug] [MainThread]: Sending event: {'category': 'dbt', 'action': 'invocation', 'label': 'start', 'context': [<snowplow_tracker.self_describing_json.SelfDescribingJson object at 0x10cc4d7f0>, <snowplow_tracker.self_describing_json.SelfDescribingJson object at 0x10e0574d0>, <snowplow_tracker.self_describing_json.SelfDescribingJson object at 0x10e057610>]}


============================== 13:58:10.363651 | 06b8b09f-6929-45bf-b0d4-69c8066eb133 ==============================
[0m13:58:10.363651 [info ] [MainThread]: Running with dbt=1.12.3
[0m13:58:10.363905 [debug] [MainThread]: running dbt with arguments {'cache_selected_only': 'False', 'log_format': 'default', 'printer_width': '80', 'indirect_selection': 'eager', 'invocation_command': 'dbt debug', 'static_parser': 'True', 'target_path': 'None', 'log_cache_events': 'False', 'debug': 'False', 'use_colors': 'True', 'introspect': 'True', 'use_experimental_parser': 'False', 'empty': 'None', 'partial_parse': 'True', 'send_anonymous_usage_stats': 'True', 'quiet': 'False', 'version_check': 'True', 'write_json': 'True', 'hints_enabled': 'True', 'warn_error_options': 'WarnErrorOptionsV2(error=[], warn=[], silence=[])', 'warn_error': 'None', 'log_path': 'logs', 'maximum_seed_size_mib': '1', 'fail_fast': 'False', 'profiles_dir': '/Users/lanavoynich/.dbt', 'no_print': 'None'}
[0m13:58:10.367863 [info ] [MainThread]: dbt version: 1.12.3
[0m13:58:10.367996 [info ] [MainThread]: python version: 3.13.14
[0m13:58:10.368098 [info ] [MainThread]: python path: /Library/Frameworks/Python.framework/Versions/3.13/bin/python3.13
[0m13:58:10.368194 [info ] [MainThread]: os info: macOS-26.5.2-arm64-arm-64bit-Mach-O
[0m13:58:10.605493 [debug] [MainThread]: Snowflake adapter: Setting snowflake.connector to ERROR (file logging only)
[0m13:58:10.605704 [debug] [MainThread]: Snowflake adapter: Setting botocore to ERROR (file logging only)
[0m13:58:10.605806 [debug] [MainThread]: Snowflake adapter: Setting boto3 to ERROR (file logging only)
[0m13:58:10.643326 [info ] [MainThread]: Using profiles dir at /Users/lanavoynich/.dbt
[0m13:58:10.643543 [info ] [MainThread]: Using profiles.yml file at /Users/lanavoynich/.dbt/profiles.yml
[0m13:58:10.643666 [info ] [MainThread]: Using dbt_project.yml file at /Users/lanavoynich/Desktop/data-ingestion-pipeline/dog project/pet-matcher-analytics-engine/dbt_project.yml
[0m13:58:10.643869 [info ] [MainThread]: adapter type: snowflake
[0m13:58:10.643972 [info ] [MainThread]: adapter version: 1.12.0
[0m13:58:10.644094 [info ] [MainThread]: Configuration:
[0m13:58:10.644178 [info ] [MainThread]:   profiles.yml file [[32mOK found and valid[0m]
[0m13:58:10.644268 [info ] [MainThread]:   dbt_project.yml file [[31mERROR not found[0m]
[0m13:58:10.644352 [info ] [MainThread]: Required dependencies:
[0m13:58:10.644501 [debug] [MainThread]: Executing "git --help"
[0m13:58:10.662121 [debug] [MainThread]: STDOUT: "b"usage: git [-v | --version] [-h | --help] [-C <path>] [-c <name>=<value>]\n           [--exec-path[=<path>]] [--html-path] [--man-path] [--info-path]\n           [-p | --paginate | -P | --no-pager] [--no-replace-objects] [--no-lazy-fetch]\n           [--no-optional-locks] [--no-advice] [--bare] [--git-dir=<path>]\n           [--work-tree=<path>] [--namespace=<name>] [--config-env=<name>=<envvar>]\n           <command> [<args>]\n\nThese are common Git commands used in various situations:\n\nstart a working area (see also: git help tutorial)\n   clone      Clone a repository into a new directory\n   init       Create an empty Git repository or reinitialize an existing one\n\nwork on the current change (see also: git help everyday)\n   add        Add file contents to the index\n   mv         Move or rename a file, a directory, or a symlink\n   restore    Restore working tree files\n   rm         Remove files from the working tree and from the index\n\nexamine the history and state (see also: git help revisions)\n   bisect     Use binary search to find the commit that introduced a bug\n   diff       Show changes between commits, commit and working tree, etc\n   grep       Print lines matching a pattern\n   log        Show commit logs\n   show       Show various types of objects\n   status     Show the working tree status\n\ngrow, mark and tweak your common history\n   backfill   Download missing objects in a partial clone\n   branch     List, create, or delete branches\n   commit     Record changes to the repository\n   merge      Join two or more development histories together\n   rebase     Reapply commits on top of another base tip\n   reset      Reset current HEAD to the specified state\n   switch     Switch branches\n   tag        Create, list, delete or verify a tag object signed with GPG\n\ncollaborate (see also: git help workflows)\n   fetch      Download objects and refs from another repository\n   pull       Fetch from and integrate with another repository or a local branch\n   push       Update remote refs along with associated objects\n\n'git help -a' and 'git help -g' list available subcommands and some\nconcept guides. See 'git help <command>' or 'git help <concept>'\nto read about a specific subcommand or concept.\nSee 'git help git' for an overview of the system.\n""
[0m13:58:10.662575 [debug] [MainThread]: STDERR: "b''"
[0m13:58:10.662720 [info ] [MainThread]:  - git [[32mOK found[0m]

[0m13:58:10.663213 [info ] [MainThread]: Connection:
[0m13:58:10.663450 [info ] [MainThread]:   account: IWDJGWI-JD63133
[0m13:58:10.663646 [info ] [MainThread]:   user: lvoynich
[0m13:58:10.663995 [info ] [MainThread]:   database: DEMO_DB
[0m13:58:10.664124 [info ] [MainThread]:   warehouse: COMPUTE_WH
[0m13:58:10.664226 [info ] [MainThread]:   role: None
[0m13:58:10.664318 [info ] [MainThread]:   schema: dbt_lvoynich
[0m13:58:10.664408 [info ] [MainThread]:   authenticator: None
[0m13:58:10.664490 [info ] [MainThread]:   oauth_client_id: None
[0m13:58:10.664573 [info ] [MainThread]:   query_tag: None
[0m13:58:10.664656 [info ] [MainThread]:   client_session_keep_alive: False
[0m13:58:10.664744 [info ] [MainThread]:   host: None
[0m13:58:10.664831 [info ] [MainThread]:   port: None
[0m13:58:10.664911 [info ] [MainThread]:   proxy_host: None
[0m13:58:10.664998 [info ] [MainThread]:   proxy_port: None
[0m13:58:10.665084 [info ] [MainThread]:   protocol: None
[0m13:58:10.665163 [info ] [MainThread]:   connect_retries: 1
[0m13:58:10.665247 [info ] [MainThread]:   connect_timeout: None
[0m13:58:10.665326 [info ] [MainThread]:   retry_on_database_errors: False
[0m13:58:10.665407 [info ] [MainThread]:   retry_all: False
[0m13:58:10.665486 [info ] [MainThread]:   insecure_mode: False
[0m13:58:10.665566 [info ] [MainThread]:   reuse_connections: True
[0m13:58:10.665644 [info ] [MainThread]:   s3_stage_vpce_dns_name: None
[0m13:58:10.665724 [info ] [MainThread]:   workload_identity_provider: None
[0m13:58:10.665801 [info ] [MainThread]:   workload_identity_entra_resource: None
[0m13:58:10.665900 [info ] [MainThread]:   platform_detection_timeout_seconds: 0.0
[0m13:58:10.666279 [info ] [MainThread]: Registered adapter: snowflake=1.12.0
[0m13:58:10.710355 [debug] [MainThread]: Acquiring new snowflake connection 'debug'
[0m13:58:10.711475 [debug] [MainThread]: Using snowflake connection "debug"
[0m13:58:10.711591 [debug] [MainThread]: On debug: select 1 as id
[0m13:58:10.711679 [debug] [MainThread]: Opening a new connection, currently in state init
[0m13:58:11.923913 [debug] [MainThread]: SQL status: SUCCESS 1 in 1.212 seconds
[0m13:58:11.926248 [info ] [MainThread]:   Connection test: [[32mOK connection ok[0m]

[0m13:58:11.926925 [info ] [MainThread]: [31m1 check failed:[0m
[0m13:58:11.927327 [info ] [MainThread]: Project loading failed for the following reason:
 project path </Users/lanavoynich/Desktop/data-ingestion-pipeline/dog project/pet-matcher-analytics-engine/dbt_project.yml> not found

[0m13:58:11.934064 [debug] [MainThread]: Resource report: {"command_name": "debug", "command_success": false, "command_wall_clock_time": 1.6037898, "process_in_blocks": "0", "process_kernel_time": 0.157674, "process_mem_max_rss": "213450752", "process_out_blocks": "0", "process_user_time": 0.928377}
[0m13:58:11.935042 [debug] [MainThread]: Command `dbt debug` failed at 13:58:11.934927 after 1.60 seconds
[0m13:58:11.935459 [debug] [MainThread]: Connection 'debug' was left open.
[0m13:58:11.935691 [debug] [MainThread]: On debug: Close
[0m13:58:12.174638 [debug] [MainThread]: Sending event: {'category': 'dbt', 'action': 'invocation', 'label': 'end', 'context': [<snowplow_tracker.self_describing_json.SelfDescribingJson object at 0x112b489d0>, <snowplow_tracker.self_describing_json.SelfDescribingJson object at 0x1129a27b0>, <snowplow_tracker.self_describing_json.SelfDescribingJson object at 0x1125cb8a0>]}
[0m13:58:12.175627 [debug] [MainThread]: Flushing usage events
[0m13:58:12.513239 [debug] [MainThread]: An error was encountered while trying to flush usage events
[0m17:23:59.781881 [debug] [MainThread]: Sending event: {'category': 'dbt', 'action': 'invocation', 'label': 'start', 'context': [<snowplow_tracker.self_describing_json.SelfDescribingJson object at 0x10a9057f0>, <snowplow_tracker.self_describing_json.SelfDescribingJson object at 0x10bd934d0>, <snowplow_tracker.self_describing_json.SelfDescribingJson object at 0x10bd93750>]}


============================== 17:23:59.784924 | a8a1d494-a5f8-4548-9ef3-d751ebb986ae ==============================
[0m17:23:59.784924 [info ] [MainThread]: Running with dbt=1.12.3
[0m17:23:59.785158 [debug] [MainThread]: running dbt with arguments {'log_path': 'logs', 'fail_fast': 'False', 'empty': 'False', 'introspect': 'True', 'invocation_command': 'dbt run', 'no_print': 'None', 'static_parser': 'True', 'log_format': 'default', 'log_cache_events': 'False', 'warn_error_options': 'WarnErrorOptionsV2(error=[], warn=[], silence=[])', 'send_anonymous_usage_stats': 'True', 'debug': 'False', 'use_colors': 'True', 'target_path': 'None', 'warn_error': 'None', 'indirect_selection': 'eager', 'write_json': 'True', 'use_experimental_parser': 'False', 'quiet': 'False', 'printer_width': '80', 'maximum_seed_size_mib': '1', 'version_check': 'True', 'cache_selected_only': 'False', 'partial_parse': 'True', 'hints_enabled': 'True', 'profiles_dir': '/Users/lanavoynich/.dbt'}
[0m17:23:59.785382 [error] [MainThread]: [[31mERROR[0m]: Encountered an error:
Runtime Error
  No dbt_project.yml found at expected path /Users/lanavoynich/Desktop/data-ingestion-pipeline/dog project/pet-matcher-analytics-engine/dbt_project.yml
  Verify that each entry within packages.yml (and their transitive dependencies) contains a file named dbt_project.yml
  
[0m17:23:59.786464 [debug] [MainThread]: Resource report: {"command_name": "run", "command_success": false, "command_wall_clock_time": 0.034869876, "process_in_blocks": "0", "process_kernel_time": 0.06207, "process_mem_max_rss": "124010496", "process_out_blocks": "0", "process_user_time": 0.483892}
[0m17:23:59.786665 [debug] [MainThread]: Command `dbt run` failed at 17:23:59.786629 after 0.04 seconds
[0m17:23:59.786775 [debug] [MainThread]: Sending event: {'category': 'dbt', 'action': 'invocation', 'label': 'end', 'context': [<snowplow_tracker.self_describing_json.SelfDescribingJson object at 0x10bdd9a70>, <snowplow_tracker.self_describing_json.SelfDescribingJson object at 0x10bd43530>, <snowplow_tracker.self_describing_json.SelfDescribingJson object at 0x10be546b0>]}
[0m17:23:59.786880 [debug] [MainThread]: Flushing usage events
[0m17:24:00.104875 [debug] [MainThread]: An error was encountered while trying to flush usage events
[0m17:24:54.499562 [debug] [MainThread]: Sending event: {'category': 'dbt', 'action': 'invocation', 'label': 'start', 'context': [<snowplow_tracker.self_describing_json.SelfDescribingJson object at 0x10c4317f0>, <snowplow_tracker.self_describing_json.SelfDescribingJson object at 0x10d8874d0>, <snowplow_tracker.self_describing_json.SelfDescribingJson object at 0x10d887750>]}


============================== 17:24:54.501208 | 7780593a-376e-4618-b34d-78a92afbda26 ==============================
[0m17:24:54.501208 [info ] [MainThread]: Running with dbt=1.12.3
[0m17:24:54.501447 [debug] [MainThread]: running dbt with arguments {'no_print': 'None', 'indirect_selection': 'eager', 'use_colors': 'True', 'target_path': 'None', 'hints_enabled': 'True', 'static_parser': 'True', 'quiet': 'False', 'cache_selected_only': 'False', 'log_path': 'logs', 'warn_error_options': 'WarnErrorOptionsV2(error=[], warn=[], silence=[])', 'log_format': 'default', 'partial_parse': 'True', 'empty': 'False', 'introspect': 'True', 'warn_error': 'None', 'printer_width': '80', 'log_cache_events': 'False', 'debug': 'False', 'profiles_dir': '/Users/lanavoynich/.dbt', 'maximum_seed_size_mib': '1', 'use_experimental_parser': 'False', 'fail_fast': 'False', 'send_anonymous_usage_stats': 'True', 'version_check': 'True', 'invocation_command': 'dbt run', 'write_json': 'True'}
[0m17:24:54.501701 [error] [MainThread]: [[31mERROR[0m]: Encountered an error:
Runtime Error
  No dbt_project.yml found at expected path /Users/lanavoynich/Desktop/data-ingestion-pipeline/dog project/pet-matcher-analytics-engine/dbt_project.yml
  Verify that each entry within packages.yml (and their transitive dependencies) contains a file named dbt_project.yml
  
[0m17:24:54.502992 [debug] [MainThread]: Resource report: {"command_name": "run", "command_success": false, "command_wall_clock_time": 0.034916293, "process_in_blocks": "0", "process_kernel_time": 0.06813, "process_mem_max_rss": "123502592", "process_out_blocks": "0", "process_user_time": 0.486221}
[0m17:24:54.503192 [debug] [MainThread]: Command `dbt run` failed at 17:24:54.503155 after 0.04 seconds
[0m17:24:54.503306 [debug] [MainThread]: Sending event: {'category': 'dbt', 'action': 'invocation', 'label': 'end', 'context': [<snowplow_tracker.self_describing_json.SelfDescribingJson object at 0x10d8d1a70>, <snowplow_tracker.self_describing_json.SelfDescribingJson object at 0x10d837530>, <snowplow_tracker.self_describing_json.SelfDescribingJson object at 0x10d9486b0>]}
[0m17:24:54.503412 [debug] [MainThread]: Flushing usage events
[0m17:24:54.841664 [debug] [MainThread]: An error was encountered while trying to flush usage events
[0m17:53:43.168317 [debug] [MainThread]: Sending event: {'category': 'dbt', 'action': 'invocation', 'label': 'start', 'context': [<snowplow_tracker.self_describing_json.SelfDescribingJson object at 0x10a9557f0>, <snowplow_tracker.self_describing_json.SelfDescribingJson object at 0x10bdab4d0>, <snowplow_tracker.self_describing_json.SelfDescribingJson object at 0x10bdab750>]}


============================== 17:53:43.171402 | 99dd1d3f-9054-4d60-92e6-9652a7f43b7b ==============================
[0m17:53:43.171402 [info ] [MainThread]: Running with dbt=1.12.3
[0m17:53:43.171646 [debug] [MainThread]: running dbt with arguments {'version_check': 'True', 'debug': 'False', 'log_format': 'default', 'no_print': 'None', 'indirect_selection': 'eager', 'printer_width': '80', 'profiles_dir': '/Users/lanavoynich/.dbt', 'write_json': 'True', 'maximum_seed_size_mib': '1', 'warn_error_options': 'WarnErrorOptionsV2(error=[], warn=[], silence=[])', 'hints_enabled': 'True', 'quiet': 'False', 'partial_parse': 'True', 'target_path': 'None', 'use_experimental_parser': 'False', 'invocation_command': 'dbt run', 'log_path': '/Users/lanavoynich/Desktop/data-ingestion-pipeline/dog project/pet-matcher-analytics-engine/logs', 'static_parser': 'True', 'empty': 'False', 'fail_fast': 'False', 'log_cache_events': 'False', 'warn_error': 'None', 'introspect': 'True', 'cache_selected_only': 'False', 'use_colors': 'True', 'send_anonymous_usage_stats': 'True'}
[0m17:53:43.521481 [debug] [MainThread]: Snowflake adapter: Setting snowflake.connector to ERROR (file logging only)
[0m17:53:43.521708 [debug] [MainThread]: Snowflake adapter: Setting botocore to ERROR (file logging only)
[0m17:53:43.521819 [debug] [MainThread]: Snowflake adapter: Setting boto3 to ERROR (file logging only)
[0m17:53:43.609738 [debug] [MainThread]: Sending event: {'category': 'dbt', 'action': 'project_id', 'label': '99dd1d3f-9054-4d60-92e6-9652a7f43b7b', 'context': [<snowplow_tracker.self_describing_json.SelfDescribingJson object at 0x10ac7a650>]}
[0m17:53:43.628622 [debug] [MainThread]: Sending event: {'category': 'dbt', 'action': 'adapter_info', 'label': '99dd1d3f-9054-4d60-92e6-9652a7f43b7b', 'context': [<snowplow_tracker.self_describing_json.SelfDescribingJson object at 0x10b298490>]}
[0m17:53:43.629137 [info ] [MainThread]: Registered adapter: snowflake=1.12.0
[0m17:53:43.678119 [debug] [MainThread]: checksum: d60959d112beb8b2f36fb64f349f29ec37a8a8d5f0e40e1fe22d043f48b78f52, vars: {}, profile: default, target: dev, version: 1.12.3
[0m17:53:43.678502 [info ] [MainThread]: Unable to do partial parsing because saved manifest not found. Starting full parse.
[0m17:53:43.678650 [debug] [MainThread]: Sending event: {'category': 'dbt', 'action': 'partial_parser', 'label': '99dd1d3f-9054-4d60-92e6-9652a7f43b7b', 'context': [<snowplow_tracker.self_describing_json.SelfDescribingJson object at 0x110257b50>]}
[0m17:53:44.026354 [warn ] [MainThread]: [[33mWARNING[0m]: Configuration paths exist in your dbt_project.yml file which do not apply to any resources.
There are 1 unused configuration paths:
- models.pet_matcher_analytics_engine.example
[0m17:53:44.027630 [debug] [MainThread]: Sending event: {'category': 'dbt', 'action': 'load_project', 'label': '99dd1d3f-9054-4d60-92e6-9652a7f43b7b', 'context': [<snowplow_tracker.self_describing_json.SelfDescribingJson object at 0x10a91d8b0>]}
[0m17:53:44.053083 [debug] [MainThread]: Wrote artifact WritableManifest to /Users/lanavoynich/Desktop/data-ingestion-pipeline/dog project/pet-matcher-analytics-engine/target/manifest.json
[0m17:53:44.054826 [debug] [MainThread]: Wrote artifact SemanticManifest to /Users/lanavoynich/Desktop/data-ingestion-pipeline/dog project/pet-matcher-analytics-engine/target/semantic_manifest.json
[0m17:53:44.065004 [debug] [MainThread]: Wrote artifact OsiDocument to /Users/lanavoynich/Desktop/data-ingestion-pipeline/dog project/pet-matcher-analytics-engine/target/osi_document.json
[0m17:53:44.069561 [debug] [MainThread]: Sending event: {'category': 'dbt', 'action': 'resource_counts', 'label': '99dd1d3f-9054-4d60-92e6-9652a7f43b7b', 'context': [<snowplow_tracker.self_describing_json.SelfDescribingJson object at 0x110e1e5f0>]}
[0m17:53:44.069730 [info ] [MainThread]: Found 1 model, 545 macros
[0m17:53:44.069850 [debug] [MainThread]: Sending event: {'category': 'dbt', 'action': 'runnable_timing', 'label': '99dd1d3f-9054-4d60-92e6-9652a7f43b7b', 'context': [<snowplow_tracker.self_describing_json.SelfDescribingJson object at 0x110af18b0>]}
[0m17:53:44.070490 [info ] [MainThread]: 
[0m17:53:44.070612 [info ] [MainThread]: Concurrency: 4 threads (target='dev')
[0m17:53:44.070705 [info ] [MainThread]: 
[0m17:53:44.070892 [debug] [MainThread]: Acquiring new snowflake connection 'master'
[0m17:53:44.071200 [debug] [ThreadPool]: Acquiring new snowflake connection 'list_ANCHOR_DB'
[0m17:53:44.075657 [debug] [ThreadPool]: Using snowflake connection "list_ANCHOR_DB"
[0m17:53:44.075786 [debug] [ThreadPool]: On list_ANCHOR_DB: show terse schemas in database ANCHOR_DB
    limit 10000
/* {"app": "dbt", "dbt_version": "1.12.3", "profile_name": "default", "target_name": "dev", "connection_name": "list_ANCHOR_DB"} */
[0m17:53:44.075884 [debug] [ThreadPool]: Opening a new connection, currently in state init
[0m17:53:45.259199 [debug] [ThreadPool]: SQL status: SUCCESS 3 in 1.183 seconds
[0m17:53:45.260647 [debug] [ThreadPool]: Re-using an available connection from the pool (formerly list_ANCHOR_DB, now list_ANCHOR_DB_dbt_lvoynich)
[0m17:53:45.266361 [debug] [ThreadPool]: Using snowflake connection "list_ANCHOR_DB_dbt_lvoynich"
[0m17:53:45.266528 [debug] [ThreadPool]: On list_ANCHOR_DB_dbt_lvoynich: show objects in ANCHOR_DB.dbt_lvoynich
    limit 10000
    

/* {"app": "dbt", "dbt_version": "1.12.3", "profile_name": "default", "target_name": "dev", "connection_name": "list_ANCHOR_DB_dbt_lvoynich"} */;
[0m17:53:45.462981 [debug] [ThreadPool]: SQL status: SUCCESS 2 in 0.196 seconds
[0m17:53:45.467169 [debug] [ThreadPool]: Using snowflake connection "list_ANCHOR_DB_dbt_lvoynich"
[0m17:53:45.467450 [debug] [ThreadPool]: On list_ANCHOR_DB_dbt_lvoynich: show user functions in ANCHOR_DB.dbt_lvoynich
/* {"app": "dbt", "dbt_version": "1.12.3", "profile_name": "default", "target_name": "dev", "connection_name": "list_ANCHOR_DB_dbt_lvoynich"} */
[0m17:53:45.632787 [debug] [ThreadPool]: SQL status: SUCCESS 0 in 0.165 seconds
[0m17:53:45.636049 [debug] [MainThread]: Sending event: {'category': 'dbt', 'action': 'runnable_timing', 'label': '99dd1d3f-9054-4d60-92e6-9652a7f43b7b', 'context': [<snowplow_tracker.self_describing_json.SelfDescribingJson object at 0x110f68dd0>]}
[0m17:53:45.639851 [debug] [Thread-2 (]: Began running node model.pet_matcher_analytics_engine.mart_engineer_details
[0m17:53:45.640463 [info ] [Thread-2 (]: 1 of 1 START sql table model dbt_lvoynich.mart_engineer_details ................ [RUN]
[0m17:53:45.640985 [debug] [Thread-2 (]: Re-using an available connection from the pool (formerly list_ANCHOR_DB_dbt_lvoynich, now model.pet_matcher_analytics_engine.mart_engineer_details)
[0m17:53:45.641366 [debug] [Thread-2 (]: Began compiling node model.pet_matcher_analytics_engine.mart_engineer_details
[0m17:53:45.647360 [debug] [Thread-2 (]: Writing injected SQL for node "model.pet_matcher_analytics_engine.mart_engineer_details"
[0m17:53:45.648771 [debug] [Thread-2 (]: Began executing node model.pet_matcher_analytics_engine.mart_engineer_details
[0m17:53:45.670320 [debug] [Thread-2 (]: Writing runtime sql for node "model.pet_matcher_analytics_engine.mart_engineer_details"
[0m17:53:45.671489 [debug] [Thread-2 (]: Using snowflake connection "model.pet_matcher_analytics_engine.mart_engineer_details"
[0m17:53:45.671710 [debug] [Thread-2 (]: On model.pet_matcher_analytics_engine.mart_engineer_details: create or replace transient table ANCHOR_DB.dbt_lvoynich.mart_engineer_details
    
    
    
    
    

    as (

-- Clean and structure our core engineer staging logs
WITH staging_data AS (
    SELECT 
        UPPER('Lana Voynich') AS engineer_name,
        'Codecademy Data Engineer Track' AS core_foundation,
        72 AS completion_percentage,
        'dbt Core + Snowflake Key-Pair' AS cloud_infrastructure
),

-- Transform metrics to calculate our target outputs
final_analytics AS (
    SELECT 
        engineer_name,
        core_foundation,
        completion_percentage,
        (100 - completion_percentage) AS percentage_to_graduation,
        cloud_infrastructure,
        'Analytics Engineer' AS target_market_title
    FROM 
        staging_data
)

SELECT * FROM final_analytics
    )

/* {"app": "dbt", "dbt_version": "1.12.3", "profile_name": "default", "target_name": "dev", "node_id": "model.pet_matcher_analytics_engine.mart_engineer_details"} */;
[0m17:53:47.361839 [debug] [Thread-2 (]: SQL status: SUCCESS 1 in 1.690 seconds
[0m17:53:47.387728 [debug] [Thread-2 (]: Sending event: {'category': 'dbt', 'action': 'run_model', 'label': '99dd1d3f-9054-4d60-92e6-9652a7f43b7b', 'context': [<snowplow_tracker.self_describing_json.SelfDescribingJson object at 0x11814a410>]}
[0m17:53:47.388268 [info ] [Thread-2 (]: 1 of 1 OK created sql table model dbt_lvoynich.mart_engineer_details ........... [[32mSUCCESS 1[0m in 1.75s]
[0m17:53:47.388667 [debug] [Thread-2 (]: Finished running node model.pet_matcher_analytics_engine.mart_engineer_details
[0m17:53:47.389625 [debug] [MainThread]: Connection 'master' was properly closed.
[0m17:53:47.389862 [debug] [MainThread]: Connection 'model.pet_matcher_analytics_engine.mart_engineer_details' was left open.
[0m17:53:47.390050 [debug] [MainThread]: On model.pet_matcher_analytics_engine.mart_engineer_details: Close
[0m17:53:47.580946 [info ] [MainThread]: 
[0m17:53:47.582057 [info ] [MainThread]: Finished running 1 table model in 0 hours 0 minutes and 3.51 seconds (3.51s).
[0m17:53:47.583192 [debug] [MainThread]: Command end result
[0m17:53:47.611194 [debug] [MainThread]: Wrote artifact WritableManifest to /Users/lanavoynich/Desktop/data-ingestion-pipeline/dog project/pet-matcher-analytics-engine/target/manifest.json
[0m17:53:47.612948 [debug] [MainThread]: Wrote artifact SemanticManifest to /Users/lanavoynich/Desktop/data-ingestion-pipeline/dog project/pet-matcher-analytics-engine/target/semantic_manifest.json
[0m17:53:47.614422 [debug] [MainThread]: Wrote artifact OsiDocument to /Users/lanavoynich/Desktop/data-ingestion-pipeline/dog project/pet-matcher-analytics-engine/target/osi_document.json
[0m17:53:47.618164 [debug] [MainThread]: Wrote artifact RunExecutionResult to /Users/lanavoynich/Desktop/data-ingestion-pipeline/dog project/pet-matcher-analytics-engine/target/run_results.json
[0m17:53:47.618326 [info ] [MainThread]: 
[0m17:53:47.618520 [info ] [MainThread]: [32mCompleted successfully[0m
[0m17:53:47.618655 [info ] [MainThread]: 
[0m17:53:47.618802 [info ] [MainThread]: Done. PASS=1 WARN=0 ERROR=0 SKIP=0 NO-OP=0 REUSED=0 TOTAL=1
[0m17:53:47.621840 [debug] [MainThread]: Resource report: {"command_name": "run", "command_success": true, "command_wall_clock_time": 4.485296, "process_in_blocks": "0", "process_kernel_time": 0.206718, "process_mem_max_rss": "227688448", "process_out_blocks": "0", "process_user_time": 1.506658}
[0m17:53:47.622114 [debug] [MainThread]: Command `dbt run` succeeded at 17:53:47.622071 after 4.49 seconds
[0m17:53:47.622289 [debug] [MainThread]: Sending event: {'category': 'dbt', 'action': 'invocation', 'label': 'end', 'context': [<snowplow_tracker.self_describing_json.SelfDescribingJson object at 0x110e919f0>, <snowplow_tracker.self_describing_json.SelfDescribingJson object at 0x110f6f5c0>, <snowplow_tracker.self_describing_json.SelfDescribingJson object at 0x110f109d0>]}
[0m17:53:47.622446 [debug] [MainThread]: Flushing usage events
[0m17:53:47.920890 [debug] [MainThread]: An error was encountered while trying to flush usage events
